---
source: processor/src/fast/tests/all_ops.rs
assertion_line: 133
expression: fast_stack_outputs
---
Ok(
    StackOutputs {
        elements: [
            6,
            5,
            38,
            183,
            2,
            1,
            0,
            0,
            0,
            0,
            0,
            0,
            0,
            0,
            0,
            0,
        ],
    },
)
