---
source: processor/src/fast/tests/advice_provider.rs
expression: fast_host.snapshots()
---
{
    0: [
        ProcessStateSnapshot {
            clk: 9,
            ctx: 0,
            stack_state: [
                0,
                0,
                0,
                0,
                0,
                0,
                0,
                0,
                0,
                0,
                0,
                0,
                0,
                0,
                0,
                0,
            ],
            stack_words: [
                Word(
                    [
                        0,
                        0,
                        0,
                        0,
                    ],
                ),
                Word(
                    [
                        0,
                        0,
                        0,
                        0,
                    ],
                ),
                Word(
                    [
                        0,
                        0,
                        0,
                        0,
                    ],
                ),
                Word(
                    [
                        0,
                        0,
                        0,
                        0,
                    ],
                ),
            ],
            mem_state: [
                (
                    MemoryAddress(
                        4294967292,
                    ),
                    0,
                ),
                (
                    MemoryAddress(
                        4294967293,
                    ),
                    0,
                ),
                (
                    MemoryAddress(
                        4294967294,
                    ),
                    2147483648,
                ),
                (
                    MemoryAddress(
                        4294967295,
                    ),
                    0,
                ),
            ],
        },
    ],
    1: [
        ProcessStateSnapshot {
            clk: 13,
            ctx: 0,
            stack_state: [
                0,
                0,
                0,
                0,
                0,
                0,
                0,
                0,
                0,
                0,
                0,
                0,
                0,
                0,
                0,
                0,
            ],
            stack_words: [
                Word(
                    [
                        0,
                        0,
                        0,
                        0,
                    ],
                ),
                Word(
                    [
                        0,
                        0,
                        0,
                        0,
                    ],
                ),
                Word(
                    [
                        0,
                        0,
                        0,
                        0,
                    ],
                ),
                Word(
                    [
                        0,
                        0,
                        0,
                        0,
                    ],
                ),
            ],
            mem_state: [
                (
                    MemoryAddress(
                        4294967292,
                    ),
                    0,
                ),
                (
                    MemoryAddress(
                        4294967293,
                    ),
                    0,
                ),
                (
                    MemoryAddress(
                        4294967294,
                    ),
                    2147483648,
                ),
                (
                    MemoryAddress(
                        4294967295,
                    ),
                    0,
                ),
            ],
        },
        ProcessStateSnapshot {
            clk: 22,
            ctx: 0,
            stack_state: [
                0,
                0,
                0,
                0,
                0,
                0,
                0,
                0,
                0,
                0,
                0,
                0,
                0,
                0,
                0,
                0,
            ],
            stack_words: [
                Word(
                    [
                        0,
                        0,
                        0,
                        0,
                    ],
                ),
                Word(
                    [
                        0,
                        0,
                        0,
                        0,
                    ],
                ),
                Word(
                    [
                        0,
                        0,
                        0,
                        0,
                    ],
                ),
                Word(
                    [
                        0,
                        0,
                        0,
                        0,
                    ],
                ),
            ],
            mem_state: [
                (
                    MemoryAddress(
                        4294967292,
                    ),
                    0,
                ),
                (
                    MemoryAddress(
                        4294967293,
                    ),
                    0,
                ),
                (
                    MemoryAddress(
                        4294967294,
                    ),
                    2147483648,
                ),
                (
                    MemoryAddress(
                        4294967295,
                    ),
                    0,
                ),
            ],
        },
    ],
    2: [
        ProcessStateSnapshot {
            clk: 35,
            ctx: 0,
            stack_state: [
                0,
                0,
                0,
                0,
                0,
                0,
                0,
                0,
                0,
                0,
                0,
                0,
                0,
                0,
                0,
                0,
            ],
            stack_words: [
                Word(
                    [
                        0,
                        0,
                        0,
                        0,
                    ],
                ),
                Word(
                    [
                        0,
                        0,
                        0,
                        0,
                    ],
                ),
                Word(
                    [
                        0,
                        0,
                        0,
                        0,
                    ],
                ),
                Word(
                    [
                        0,
                        0,
                        0,
                        0,
                    ],
                ),
            ],
            mem_state: [
                (
                    MemoryAddress(
                        4294967292,
                    ),
                    0,
                ),
                (
                    MemoryAddress(
                        4294967293,
                    ),
                    0,
                ),
                (
                    MemoryAddress(
                        4294967294,
                    ),
                    2147483648,
                ),
                (
                    MemoryAddress(
                        4294967295,
                    ),
                    0,
                ),
            ],
        },
    ],
    3: [
        ProcessStateSnapshot {
            clk: 52,
            ctx: 0,
            stack_state: [
                0,
                0,
                0,
                0,
                0,
                0,
                0,
                0,
                0,
                0,
                0,
                0,
                0,
                0,
                0,
                0,
            ],
            stack_words: [
                Word(
                    [
                        0,
                        0,
                        0,
                        0,
                    ],
                ),
                Word(
                    [
                        0,
                        0,
                        0,
                        0,
                    ],
                ),
                Word(
                    [
                        0,
                        0,
                        0,
                        0,
                    ],
                ),
                Word(
                    [
                        0,
                        0,
                        0,
                        0,
                    ],
                ),
            ],
            mem_state: [
                (
                    MemoryAddress(
                        4294967292,
                    ),
                    0,
                ),
                (
                    MemoryAddress(
                        4294967293,
                    ),
                    0,
                ),
                (
                    MemoryAddress(
                        4294967294,
                    ),
                    2147483648,
                ),
                (
                    MemoryAddress(
                        4294967295,
                    ),
                    0,
                ),
            ],
        },
    ],
    4: [
        ProcessStateSnapshot {
            clk: 71,
            ctx: 0,
            stack_state: [
                0,
                0,
                0,
                0,
                0,
                0,
                0,
                0,
                0,
                0,
                0,
                0,
                0,
                0,
                0,
                0,
            ],
            stack_words: [
                Word(
                    [
                        0,
                        0,
                        0,
                        0,
                    ],
                ),
                Word(
                    [
                        0,
                        0,
                        0,
                        0,
                    ],
                ),
                Word(
                    [
                        0,
                        0,
                        0,
                        0,
                    ],
                ),
                Word(
                    [
                        0,
                        0,
                        0,
                        0,
                    ],
                ),
            ],
            mem_state: [
                (
                    MemoryAddress(
                        4294967292,
                    ),
                    0,
                ),
                (
                    MemoryAddress(
                        4294967293,
                    ),
                    0,
                ),
                (
                    MemoryAddress(
                        4294967294,
                    ),
                    2147483648,
                ),
                (
                    MemoryAddress(
                        4294967295,
                    ),
                    0,
                ),
            ],
        },
    ],
    5: [
        ProcessStateSnapshot {
            clk: 95,
            ctx: 0,
            stack_state: [
                7,
                6,
                5,
                4,
                3,
                2,
                1,
                0,
                0,
                0,
                0,
                0,
                0,
                0,
                0,
                0,
                0,
                0,
                0,
                0,
                0,
                0,
                0,
                0,
            ],
            stack_words: [
                Word(
                    [
                        7,
                        6,
                        5,
                        4,
                    ],
                ),
                Word(
                    [
                        3,
                        2,
                        1,
                        0,
                    ],
                ),
                Word(
                    [
                        0,
                        0,
                        0,
                        0,
                    ],
                ),
                Word(
                    [
                        0,
                        0,
                        0,
                        0,
                    ],
                ),
            ],
            mem_state: [
                (
                    MemoryAddress(
                        4294967292,
                    ),
                    0,
                ),
                (
                    MemoryAddress(
                        4294967293,
                    ),
                    0,
                ),
                (
                    MemoryAddress(
                        4294967294,
                    ),
                    2147483648,
                ),
                (
                    MemoryAddress(
                        4294967295,
                    ),
                    0,
                ),
            ],
        },
    ],
    6: [
        ProcessStateSnapshot {
            clk: 111,
            ctx: 0,
            stack_state: [
                6,
                5,
                4,
                3,
                2,
                1,
                0,
                7,
                6,
                5,
                4,
                3,
                2,
                1,
                0,
                0,
                0,
                0,
                0,
                0,
                0,
                0,
                0,
                0,
                0,
                0,
                0,
                0,
                0,
                0,
                0,
            ],
            stack_words: [
                Word(
                    [
                        6,
                        5,
                        4,
                        3,
                    ],
                ),
                Word(
                    [
                        2,
                        1,
                        0,
                        7,
                    ],
                ),
                Word(
                    [
                        6,
                        5,
                        4,
                        3,
                    ],
                ),
                Word(
                    [
                        2,
                        1,
                        0,
                        0,
                    ],
                ),
            ],
            mem_state: [
                (
                    MemoryAddress(
                        4294967292,
                    ),
                    0,
                ),
                (
                    MemoryAddress(
                        4294967293,
                    ),
                    0,
                ),
                (
                    MemoryAddress(
                        4294967294,
                    ),
                    2147483648,
                ),
                (
                    MemoryAddress(
                        4294967295,
                    ),
                    0,
                ),
            ],
        },
    ],
    7: [
        ProcessStateSnapshot {
            clk: 122,
            ctx: 0,
            stack_state: [
                5,
                4,
                3,
                2,
                1,
                0,
                0,
                0,
                0,
                0,
                0,
                0,
                0,
                0,
                0,
                0,
                0,
                0,
                0,
                0,
                0,
                0,
            ],
            stack_words: [
                Word(
                    [
                        5,
                        4,
                        3,
                        2,
                    ],
                ),
                Word(
                    [
                        1,
                        0,
                        0,
                        0,
                    ],
                ),
                Word(
                    [
                        0,
                        0,
                        0,
                        0,
                    ],
                ),
                Word(
                    [
                        0,
                        0,
                        0,
                        0,
                    ],
                ),
            ],
            mem_state: [
                (
                    MemoryAddress(
                        4294967292,
                    ),
                    0,
                ),
                (
                    MemoryAddress(
                        4294967293,
                    ),
                    0,
                ),
                (
                    MemoryAddress(
                        4294967294,
                    ),
                    2147483648,
                ),
                (
                    MemoryAddress(
                        4294967295,
                    ),
                    0,
                ),
            ],
        },
    ],
    8: [
        ProcessStateSnapshot {
            clk: 131,
            ctx: 0,
            stack_state: [
                5,
                4,
                3,
                2,
                1,
                0,
                0,
                0,
                0,
                0,
                0,
                0,
                0,
                0,
                0,
                0,
                0,
                0,
                0,
                0,
                0,
                0,
            ],
            stack_words: [
                Word(
                    [
                        5,
                        4,
                        3,
                        2,
                    ],
                ),
                Word(
                    [
                        1,
                        0,
                        0,
                        0,
                    ],
                ),
                Word(
                    [
                        0,
                        0,
                        0,
                        0,
                    ],
                ),
                Word(
                    [
                        0,
                        0,
                        0,
                        0,
                    ],
                ),
            ],
            mem_state: [
                (
                    MemoryAddress(
                        0,
                    ),
                    42,
                ),
                (
                    MemoryAddress(
                        1,
                    ),
                    0,
                ),
                (
                    MemoryAddress(
                        2,
                    ),
                    0,
                ),
                (
                    MemoryAddress(
                        3,
                    ),
                    0,
                ),
                (
                    MemoryAddress(
                        4294967292,
                    ),
                    0,
                ),
                (
                    MemoryAddress(
                        4294967293,
                    ),
                    0,
                ),
                (
                    MemoryAddress(
                        4294967294,
                    ),
                    2147483648,
                ),
                (
                    MemoryAddress(
                        4294967295,
                    ),
                    0,
                ),
            ],
        },
    ],
    9: [
        ProcessStateSnapshot {
            clk: 137,
            ctx: 0,
            stack_state: [
                5,
                4,
                3,
                2,
                1,
                0,
                0,
                0,
                0,
                0,
                0,
                0,
                0,
                0,
                0,
                0,
                0,
                0,
                0,
                0,
                0,
                0,
            ],
            stack_words: [
                Word(
                    [
                        5,
                        4,
                        3,
                        2,
                    ],
                ),
                Word(
                    [
                        1,
                        0,
                        0,
                        0,
                    ],
                ),
                Word(
                    [
                        0,
                        0,
                        0,
                        0,
                    ],
                ),
                Word(
                    [
                        0,
                        0,
                        0,
                        0,
                    ],
                ),
            ],
            mem_state: [
                (
                    MemoryAddress(
                        0,
                    ),
                    22,
                ),
                (
                    MemoryAddress(
                        1,
                    ),
                    0,
                ),
                (
                    MemoryAddress(
                        2,
                    ),
                    0,
                ),
                (
                    MemoryAddress(
                        3,
                    ),
                    0,
                ),
                (
                    MemoryAddress(
                        4294967292,
                    ),
                    0,
                ),
                (
                    MemoryAddress(
                        4294967293,
                    ),
                    0,
                ),
                (
                    MemoryAddress(
                        4294967294,
                    ),
                    2147483648,
                ),
                (
                    MemoryAddress(
                        4294967295,
                    ),
                    0,
                ),
            ],
        },
    ],
    10: [
        ProcessStateSnapshot {
            clk: 137,
            ctx: 0,
            stack_state: [
                5,
                4,
                3,
                2,
                1,
                0,
                0,
                0,
                0,
                0,
                0,
                0,
                0,
                0,
                0,
                0,
                0,
                0,
                0,
                0,
                0,
                0,
            ],
            stack_words: [
                Word(
                    [
                        5,
                        4,
                        3,
                        2,
                    ],
                ),
                Word(
                    [
                        1,
                        0,
                        0,
                        0,
                    ],
                ),
                Word(
                    [
                        0,
                        0,
                        0,
                        0,
                    ],
                ),
                Word(
                    [
                        0,
                        0,
                        0,
                        0,
                    ],
                ),
            ],
            mem_state: [
                (
                    MemoryAddress(
                        0,
                    ),
                    22,
                ),
                (
                    MemoryAddress(
                        1,
                    ),
                    0,
                ),
                (
                    MemoryAddress(
                        2,
                    ),
                    0,
                ),
                (
                    MemoryAddress(
                        3,
                    ),
                    0,
                ),
                (
                    MemoryAddress(
                        4294967292,
                    ),
                    0,
                ),
                (
                    MemoryAddress(
                        4294967293,
                    ),
                    0,
                ),
                (
                    MemoryAddress(
                        4294967294,
                    ),
                    2147483648,
                ),
                (
                    MemoryAddress(
                        4294967295,
                    ),
                    0,
                ),
            ],
        },
    ],
    11: [
        ProcessStateSnapshot {
            clk: 146,
            ctx: 0,
            stack_state: [
                5,
                4,
                3,
                2,
                1,
                0,
                0,
                0,
                0,
                0,
                0,
                0,
                0,
                0,
                0,
                0,
            ],
            stack_words: [
                Word(
                    [
                        5,
                        4,
                        3,
                        2,
                    ],
                ),
                Word(
                    [
                        1,
                        0,
                        0,
                        0,
                    ],
                ),
                Word(
                    [
                        0,
                        0,
                        0,
                        0,
                    ],
                ),
                Word(
                    [
                        0,
                        0,
                        0,
                        0,
                    ],
                ),
            ],
            mem_state: [
                (
                    MemoryAddress(
                        0,
                    ),
                    22,
                ),
                (
                    MemoryAddress(
                        1,
                    ),
                    0,
                ),
                (
                    MemoryAddress(
                        2,
                    ),
                    0,
                ),
                (
                    MemoryAddress(
                        3,
                    ),
                    0,
                ),
                (
                    MemoryAddress(
                        100,
                    ),
                    2323,
                ),
                (
                    MemoryAddress(
                        101,
                    ),
                    0,
                ),
                (
                    MemoryAddress(
                        102,
                    ),
                    0,
                ),
                (
                    MemoryAddress(
                        103,
                    ),
                    0,
                ),
                (
                    MemoryAddress(
                        4294967292,
                    ),
                    0,
                ),
                (
                    MemoryAddress(
                        4294967293,
                    ),
                    0,
                ),
                (
                    MemoryAddress(
                        4294967294,
                    ),
                    2147483648,
                ),
                (
                    MemoryAddress(
                        4294967295,
                    ),
                    0,
                ),
            ],
        },
        ProcessStateSnapshot {
            clk: 199,
            ctx: 0,
            stack_state: [
                5,
                4,
                3,
                2,
                1,
                0,
                0,
                0,
                0,
                0,
                0,
                0,
                0,
                0,
                0,
                0,
            ],
            stack_words: [
                Word(
                    [
                        5,
                        4,
                        3,
                        2,
                    ],
                ),
                Word(
                    [
                        1,
                        0,
                        0,
                        0,
                    ],
                ),
                Word(
                    [
                        0,
                        0,
                        0,
                        0,
                    ],
                ),
                Word(
                    [
                        0,
                        0,
                        0,
                        0,
                    ],
                ),
            ],
            mem_state: [
                (
                    MemoryAddress(
                        0,
                    ),
                    22,
                ),
                (
                    MemoryAddress(
                        1,
                    ),
                    0,
                ),
                (
                    MemoryAddress(
                        2,
                    ),
                    0,
                ),
                (
                    MemoryAddress(
                        3,
                    ),
                    0,
                ),
                (
                    MemoryAddress(
                        4,
                    ),
                    5274105566446072099,
                ),
                (
                    MemoryAddress(
                        5,
                    ),
                    11188803734198660353,
                ),
                (
                    MemoryAddress(
                        6,
                    ),
                    6482228772876584119,
                ),
                (
                    MemoryAddress(
                        7,
                    ),
                    16658225288768826433,
                ),
                (
                    MemoryAddress(
                        8,
                    ),
                    949697322484520509,
                ),
                (
                    MemoryAddress(
                        9,
                    ),
                    16608876515438340501,
                ),
                (
                    MemoryAddress(
                        10,
                    ),
                    8001228608139555124,
                ),
                (
                    MemoryAddress(
                        11,
                    ),
                    4117457813752744238,
                ),
                (
                    MemoryAddress(
                        100,
                    ),
                    2323,
                ),
                (
                    MemoryAddress(
                        101,
                    ),
                    0,
                ),
                (
                    MemoryAddress(
                        102,
                    ),
                    0,
                ),
                (
                    MemoryAddress(
                        103,
                    ),
                    0,
                ),
                (
                    MemoryAddress(
                        4294967292,
                    ),
                    0,
                ),
                (
                    MemoryAddress(
                        4294967293,
                    ),
                    0,
                ),
                (
                    MemoryAddress(
                        4294967294,
                    ),
                    2147483648,
                ),
                (
                    MemoryAddress(
                        4294967295,
                    ),
                    0,
                ),
            ],
        },
    ],
    12: [
        ProcessStateSnapshot {
            clk: 153,
            ctx: 0,
            stack_state: [
                5,
                4,
                3,
                2,
                1,
                0,
                0,
                0,
                0,
                0,
                0,
                0,
                0,
                0,
                0,
                0,
                0,
                0,
                0,
                0,
                0,
                0,
            ],
            stack_words: [
                Word(
                    [
                        5,
                        4,
                        3,
                        2,
                    ],
                ),
                Word(
                    [
                        1,
                        0,
                        0,
                        0,
                    ],
                ),
                Word(
                    [
                        0,
                        0,
                        0,
                        0,
                    ],
                ),
                Word(
                    [
                        0,
                        0,
                        0,
                        0,
                    ],
                ),
            ],
            mem_state: [
                (
                    MemoryAddress(
                        0,
                    ),
                    22,
                ),
                (
                    MemoryAddress(
                        1,
                    ),
                    0,
                ),
                (
                    MemoryAddress(
                        2,
                    ),
                    0,
                ),
                (
                    MemoryAddress(
                        3,
                    ),
                    0,
                ),
                (
                    MemoryAddress(
                        100,
                    ),
                    2323,
                ),
                (
                    MemoryAddress(
                        101,
                    ),
                    0,
                ),
                (
                    MemoryAddress(
                        102,
                    ),
                    0,
                ),
                (
                    MemoryAddress(
                        103,
                    ),
                    0,
                ),
                (
                    MemoryAddress(
                        4294967292,
                    ),
                    0,
                ),
                (
                    MemoryAddress(
                        4294967293,
                    ),
                    0,
                ),
                (
                    MemoryAddress(
                        4294967294,
                    ),
                    2147483648,
                ),
                (
                    MemoryAddress(
                        4294967295,
                    ),
                    0,
                ),
            ],
        },
    ],
    13: [
        ProcessStateSnapshot {
            clk: 177,
            ctx: 0,
            stack_state: [
                5,
                4,
                3,
                2,
                1,
                0,
                0,
                0,
                0,
                0,
                0,
                0,
                0,
                0,
                0,
                0,
                0,
                0,
                0,
                0,
                0,
                0,
            ],
            stack_words: [
                Word(
                    [
                        5,
                        4,
                        3,
                        2,
                    ],
                ),
                Word(
                    [
                        1,
                        0,
                        0,
                        0,
                    ],
                ),
                Word(
                    [
                        0,
                        0,
                        0,
                        0,
                    ],
                ),
                Word(
                    [
                        0,
                        0,
                        0,
                        0,
                    ],
                ),
            ],
            mem_state: [
                (
                    MemoryAddress(
                        0,
                    ),
                    22,
                ),
                (
                    MemoryAddress(
                        1,
                    ),
                    0,
                ),
                (
                    MemoryAddress(
                        2,
                    ),
                    0,
                ),
                (
                    MemoryAddress(
                        3,
                    ),
                    0,
                ),
                (
                    MemoryAddress(
                        4,
                    ),
                    5274105566446072099,
                ),
                (
                    MemoryAddress(
                        5,
                    ),
                    11188803734198660353,
                ),
                (
                    MemoryAddress(
                        6,
                    ),
                    6482228772876584119,
                ),
                (
                    MemoryAddress(
                        7,
                    ),
                    16658225288768826433,
                ),
                (
                    MemoryAddress(
                        100,
                    ),
                    2323,
                ),
                (
                    MemoryAddress(
                        101,
                    ),
                    0,
                ),
                (
                    MemoryAddress(
                        102,
                    ),
                    0,
                ),
                (
                    MemoryAddress(
                        103,
                    ),
                    0,
                ),
                (
                    MemoryAddress(
                        4294967292,
                    ),
                    0,
                ),
                (
                    MemoryAddress(
                        4294967293,
                    ),
                    0,
                ),
                (
                    MemoryAddress(
                        4294967294,
                    ),
                    2147483648,
                ),
                (
                    MemoryAddress(
                        4294967295,
                    ),
                    0,
                ),
            ],
        },
    ],
    14: [
        ProcessStateSnapshot {
            clk: 207,
            ctx: 0,
            stack_state: [
                5,
                4,
                3,
                2,
                1,
                0,
                0,
                0,
                0,
                0,
                0,
                0,
                0,
                0,
                0,
                0,
                0,
                0,
                0,
                0,
                0,
                0,
            ],
            stack_words: [
                Word(
                    [
                        5,
                        4,
                        3,
                        2,
                    ],
                ),
                Word(
                    [
                        1,
                        0,
                        0,
                        0,
                    ],
                ),
                Word(
                    [
                        0,
                        0,
                        0,
                        0,
                    ],
                ),
                Word(
                    [
                        0,
                        0,
                        0,
                        0,
                    ],
                ),
            ],
            mem_state: [
                (
                    MemoryAddress(
                        0,
                    ),
                    22,
                ),
                (
                    MemoryAddress(
                        1,
                    ),
                    0,
                ),
                (
                    MemoryAddress(
                        2,
                    ),
                    0,
                ),
                (
                    MemoryAddress(
                        3,
                    ),
                    0,
                ),
                (
                    MemoryAddress(
                        4,
                    ),
                    5274105566446072099,
                ),
                (
                    MemoryAddress(
                        5,
                    ),
                    11188803734198660353,
                ),
                (
                    MemoryAddress(
                        6,
                    ),
                    6482228772876584119,
                ),
                (
                    MemoryAddress(
                        7,
                    ),
                    16658225288768826433,
                ),
                (
                    MemoryAddress(
                        8,
                    ),
                    949697322484520509,
                ),
                (
                    MemoryAddress(
                        9,
                    ),
                    16608876515438340501,
                ),
                (
                    MemoryAddress(
                        10,
                    ),
                    8001228608139555124,
                ),
                (
                    MemoryAddress(
                        11,
                    ),
                    4117457813752744238,
                ),
                (
                    MemoryAddress(
                        100,
                    ),
                    2323,
                ),
                (
                    MemoryAddress(
                        101,
                    ),
                    0,
                ),
                (
                    MemoryAddress(
                        102,
                    ),
                    0,
                ),
                (
                    MemoryAddress(
                        103,
                    ),
                    0,
                ),
                (
                    MemoryAddress(
                        4294967292,
                    ),
                    0,
                ),
                (
                    MemoryAddress(
                        4294967293,
                    ),
                    0,
                ),
                (
                    MemoryAddress(
                        4294967294,
                    ),
                    2147483648,
                ),
                (
                    MemoryAddress(
                        4294967295,
                    ),
                    0,
                ),
            ],
        },
    ],
    15: [
        ProcessStateSnapshot {
            clk: 230,
            ctx: 0,
            stack_state: [
                5,
                4,
                3,
                2,
                1,
                0,
                0,
                0,
                0,
                0,
                0,
                0,
                0,
                0,
                0,
                0,
                0,
                0,
                0,
                0,
                0,
                0,
            ],
            stack_words: [
                Word(
                    [
                        5,
                        4,
                        3,
                        2,
                    ],
                ),
                Word(
                    [
                        1,
                        0,
                        0,
                        0,
                    ],
                ),
                Word(
                    [
                        0,
                        0,
                        0,
                        0,
                    ],
                ),
                Word(
                    [
                        0,
                        0,
                        0,
                        0,
                    ],
                ),
            ],
            mem_state: [
                (
                    MemoryAddress(
                        0,
                    ),
                    24,
                ),
                (
                    MemoryAddress(
                        1,
                    ),
                    0,
                ),
                (
                    MemoryAddress(
                        2,
                    ),
                    0,
                ),
                (
                    MemoryAddress(
                        3,
                    ),
                    0,
                ),
                (
                    MemoryAddress(
                        4,
                    ),
                    8658438404467568493,
                ),
                (
                    MemoryAddress(
                        5,
                    ),
                    12211567317994335071,
                ),
                (
                    MemoryAddress(
                        6,
                    ),
                    5007638484868921783,
                ),
                (
                    MemoryAddress(
                        7,
                    ),
                    8834174818246543036,
                ),
                (
                    MemoryAddress(
                        8,
                    ),
                    949697322484520509,
                ),
                (
                    MemoryAddress(
                        9,
                    ),
                    16608876515438340501,
                ),
                (
                    MemoryAddress(
                        10,
                    ),
                    8001228608139555124,
                ),
                (
                    MemoryAddress(
                        11,
                    ),
                    4117457813752744238,
                ),
                (
                    MemoryAddress(
                        100,
                    ),
                    2323,
                ),
                (
                    MemoryAddress(
                        101,
                    ),
                    0,
                ),
                (
                    MemoryAddress(
                        102,
                    ),
                    0,
                ),
                (
                    MemoryAddress(
                        103,
                    ),
                    0,
                ),
                (
                    MemoryAddress(
                        4294967292,
                    ),
                    0,
                ),
                (
                    MemoryAddress(
                        4294967293,
                    ),
                    0,
                ),
                (
                    MemoryAddress(
                        4294967294,
                    ),
                    2147483648,
                ),
                (
                    MemoryAddress(
                        4294967295,
                    ),
                    0,
                ),
            ],
        },
    ],
    16: [
        ProcessStateSnapshot {
            clk: 237,
            ctx: 0,
            stack_state: [
                1,
                5,
                4,
                3,
                2,
                1,
                0,
                0,
                0,
                0,
                0,
                0,
                0,
                0,
                0,
                0,
                0,
                0,
                0,
                0,
                0,
                0,
                0,
            ],
            stack_words: [
                Word(
                    [
                        1,
                        5,
                        4,
                        3,
                    ],
                ),
                Word(
                    [
                        2,
                        1,
                        0,
                        0,
                    ],
                ),
                Word(
                    [
                        0,
                        0,
                        0,
                        0,
                    ],
                ),
                Word(
                    [
                        0,
                        0,
                        0,
                        0,
                    ],
                ),
            ],
            mem_state: [
                (
                    MemoryAddress(
                        0,
                    ),
                    24,
                ),
                (
                    MemoryAddress(
                        1,
                    ),
                    0,
                ),
                (
                    MemoryAddress(
                        2,
                    ),
                    0,
                ),
                (
                    MemoryAddress(
                        3,
                    ),
                    0,
                ),
                (
                    MemoryAddress(
                        4,
                    ),
                    8658438404467568493,
                ),
                (
                    MemoryAddress(
                        5,
                    ),
                    12211567317994335071,
                ),
                (
                    MemoryAddress(
                        6,
                    ),
                    5007638484868921783,
                ),
                (
                    MemoryAddress(
                        7,
                    ),
                    8834174818246543036,
                ),
                (
                    MemoryAddress(
                        8,
                    ),
                    949697322484520509,
                ),
                (
                    MemoryAddress(
                        9,
                    ),
                    16608876515438340501,
                ),
                (
                    MemoryAddress(
                        10,
                    ),
                    8001228608139555124,
                ),
                (
                    MemoryAddress(
                        11,
                    ),
                    4117457813752744238,
                ),
                (
                    MemoryAddress(
                        100,
                    ),
                    2323,
                ),
                (
                    MemoryAddress(
                        101,
                    ),
                    0,
                ),
                (
                    MemoryAddress(
                        102,
                    ),
                    0,
                ),
                (
                    MemoryAddress(
                        103,
                    ),
                    0,
                ),
                (
                    MemoryAddress(
                        4294967292,
                    ),
                    0,
                ),
                (
                    MemoryAddress(
                        4294967293,
                    ),
                    0,
                ),
                (
                    MemoryAddress(
                        4294967294,
                    ),
                    2147483648,
                ),
                (
                    MemoryAddress(
                        4294967295,
                    ),
                    0,
                ),
            ],
        },
    ],
    17: [
        ProcessStateSnapshot {
            clk: 242,
            ctx: 0,
            stack_state: [
                5,
                4,
                3,
                2,
                1,
                0,
                0,
                0,
                0,
                0,
                0,
                0,
                0,
                0,
                0,
                0,
                0,
                0,
                0,
                0,
                0,
                0,
            ],
            stack_words: [
                Word(
                    [
                        5,
                        4,
                        3,
                        2,
                    ],
                ),
                Word(
                    [
                        1,
                        0,
                        0,
                        0,
                    ],
                ),
                Word(
                    [
                        0,
                        0,
                        0,
                        0,
                    ],
                ),
                Word(
                    [
                        0,
                        0,
                        0,
                        0,
                    ],
                ),
            ],
            mem_state: [
                (
                    MemoryAddress(
                        0,
                    ),
                    24,
                ),
                (
                    MemoryAddress(
                        1,
                    ),
                    0,
                ),
                (
                    MemoryAddress(
                        2,
                    ),
                    0,
                ),
                (
                    MemoryAddress(
                        3,
                    ),
                    0,
                ),
                (
                    MemoryAddress(
                        4,
                    ),
                    8658438404467568493,
                ),
                (
                    MemoryAddress(
                        5,
                    ),
                    12211567317994335071,
                ),
                (
                    MemoryAddress(
                        6,
                    ),
                    5007638484868921783,
                ),
                (
                    MemoryAddress(
                        7,
                    ),
                    8834174818246543036,
                ),
                (
                    MemoryAddress(
                        8,
                    ),
                    949697322484520509,
                ),
                (
                    MemoryAddress(
                        9,
                    ),
                    16608876515438340501,
                ),
                (
                    MemoryAddress(
                        10,
                    ),
                    8001228608139555124,
                ),
                (
                    MemoryAddress(
                        11,
                    ),
                    4117457813752744238,
                ),
                (
                    MemoryAddress(
                        100,
                    ),
                    2323,
                ),
                (
                    MemoryAddress(
                        101,
                    ),
                    0,
                ),
                (
                    MemoryAddress(
                        102,
                    ),
                    0,
                ),
                (
                    MemoryAddress(
                        103,
                    ),
                    0,
                ),
                (
                    MemoryAddress(
                        4294967292,
                    ),
                    0,
                ),
                (
                    MemoryAddress(
                        4294967293,
                    ),
                    0,
                ),
                (
                    MemoryAddress(
                        4294967294,
                    ),
                    2147483648,
                ),
                (
                    MemoryAddress(
                        4294967295,
                    ),
                    0,
                ),
            ],
        },
    ],
    18: [
        ProcessStateSnapshot {
            clk: 248,
            ctx: 0,
            stack_state: [
                0,
                5,
                4,
                3,
                2,
                1,
                0,
                0,
                0,
                0,
                0,
                0,
                0,
                0,
                0,
                0,
                0,
                0,
                0,
                0,
                0,
                0,
                0,
            ],
            stack_words: [
                Word(
                    [
                        0,
                        5,
                        4,
                        3,
                    ],
                ),
                Word(
                    [
                        2,
                        1,
                        0,
                        0,
                    ],
                ),
                Word(
                    [
                        0,
                        0,
                        0,
                        0,
                    ],
                ),
                Word(
                    [
                        0,
                        0,
                        0,
                        0,
                    ],
                ),
            ],
            mem_state: [
                (
                    MemoryAddress(
                        0,
                    ),
                    24,
                ),
                (
                    MemoryAddress(
                        1,
                    ),
                    0,
                ),
                (
                    MemoryAddress(
                        2,
                    ),
                    0,
                ),
                (
                    MemoryAddress(
                        3,
                    ),
                    0,
                ),
                (
                    MemoryAddress(
                        4,
                    ),
                    8658438404467568493,
                ),
                (
                    MemoryAddress(
                        5,
                    ),
                    12211567317994335071,
                ),
                (
                    MemoryAddress(
                        6,
                    ),
                    5007638484868921783,
                ),
                (
                    MemoryAddress(
                        7,
                    ),
                    8834174818246543036,
                ),
                (
                    MemoryAddress(
                        8,
                    ),
                    949697322484520509,
                ),
                (
                    MemoryAddress(
                        9,
                    ),
                    16608876515438340501,
                ),
                (
                    MemoryAddress(
                        10,
                    ),
                    8001228608139555124,
                ),
                (
                    MemoryAddress(
                        11,
                    ),
                    4117457813752744238,
                ),
                (
                    MemoryAddress(
                        100,
                    ),
                    2323,
                ),
                (
                    MemoryAddress(
                        101,
                    ),
                    0,
                ),
                (
                    MemoryAddress(
                        102,
                    ),
                    0,
                ),
                (
                    MemoryAddress(
                        103,
                    ),
                    0,
                ),
                (
                    MemoryAddress(
                        4294967292,
                    ),
                    0,
                ),
                (
                    MemoryAddress(
                        4294967293,
                    ),
                    0,
                ),
                (
                    MemoryAddress(
                        4294967294,
                    ),
                    2147483648,
                ),
                (
                    MemoryAddress(
                        4294967295,
                    ),
                    0,
                ),
            ],
        },
    ],
    19: [
        ProcessStateSnapshot {
            clk: 253,
            ctx: 0,
            stack_state: [
                5,
                4,
                3,
                2,
                1,
                0,
                0,
                0,
                0,
                0,
                0,
                0,
                0,
                0,
                0,
                0,
                0,
                0,
                0,
                0,
                0,
                0,
            ],
            stack_words: [
                Word(
                    [
                        5,
                        4,
                        3,
                        2,
                    ],
                ),
                Word(
                    [
                        1,
                        0,
                        0,
                        0,
                    ],
                ),
                Word(
                    [
                        0,
                        0,
                        0,
                        0,
                    ],
                ),
                Word(
                    [
                        0,
                        0,
                        0,
                        0,
                    ],
                ),
            ],
            mem_state: [
                (
                    MemoryAddress(
                        0,
                    ),
                    24,
                ),
                (
                    MemoryAddress(
                        1,
                    ),
                    0,
                ),
                (
                    MemoryAddress(
                        2,
                    ),
                    0,
                ),
                (
                    MemoryAddress(
                        3,
                    ),
                    0,
                ),
                (
                    MemoryAddress(
                        4,
                    ),
                    8658438404467568493,
                ),
                (
                    MemoryAddress(
                        5,
                    ),
                    12211567317994335071,
                ),
                (
                    MemoryAddress(
                        6,
                    ),
                    5007638484868921783,
                ),
                (
                    MemoryAddress(
                        7,
                    ),
                    8834174818246543036,
                ),
                (
                    MemoryAddress(
                        8,
                    ),
                    949697322484520509,
                ),
                (
                    MemoryAddress(
                        9,
                    ),
                    16608876515438340501,
                ),
                (
                    MemoryAddress(
                        10,
                    ),
                    8001228608139555124,
                ),
                (
                    MemoryAddress(
                        11,
                    ),
                    4117457813752744238,
                ),
                (
                    MemoryAddress(
                        100,
                    ),
                    2323,
                ),
                (
                    MemoryAddress(
                        101,
                    ),
                    0,
                ),
                (
                    MemoryAddress(
                        102,
                    ),
                    0,
                ),
                (
                    MemoryAddress(
                        103,
                    ),
                    0,
                ),
                (
                    MemoryAddress(
                        4294967292,
                    ),
                    0,
                ),
                (
                    MemoryAddress(
                        4294967293,
                    ),
                    0,
                ),
                (
                    MemoryAddress(
                        4294967294,
                    ),
                    2147483648,
                ),
                (
                    MemoryAddress(
                        4294967295,
                    ),
                    0,
                ),
            ],
        },
    ],
    20: [
        ProcessStateSnapshot {
            clk: 264,
            ctx: 0,
            stack_state: [
                3,
                5,
                4,
                3,
                2,
                1,
                0,
                0,
                0,
                0,
                0,
                0,
                0,
                0,
                0,
                0,
                0,
                0,
                0,
                0,
                0,
                0,
                0,
            ],
            stack_words: [
                Word(
                    [
                        3,
                        5,
                        4,
                        3,
                    ],
                ),
                Word(
                    [
                        2,
                        1,
                        0,
                        0,
                    ],
                ),
                Word(
                    [
                        0,
                        0,
                        0,
                        0,
                    ],
                ),
                Word(
                    [
                        0,
                        0,
                        0,
                        0,
                    ],
                ),
            ],
            mem_state: [
                (
                    MemoryAddress(
                        0,
                    ),
                    24,
                ),
                (
                    MemoryAddress(
                        1,
                    ),
                    0,
                ),
                (
                    MemoryAddress(
                        2,
                    ),
                    0,
                ),
                (
                    MemoryAddress(
                        3,
                    ),
                    0,
                ),
                (
                    MemoryAddress(
                        4,
                    ),
                    8658438404467568493,
                ),
                (
                    MemoryAddress(
                        5,
                    ),
                    12211567317994335071,
                ),
                (
                    MemoryAddress(
                        6,
                    ),
                    5007638484868921783,
                ),
                (
                    MemoryAddress(
                        7,
                    ),
                    8834174818246543036,
                ),
                (
                    MemoryAddress(
                        8,
                    ),
                    949697322484520509,
                ),
                (
                    MemoryAddress(
                        9,
                    ),
                    16608876515438340501,
                ),
                (
                    MemoryAddress(
                        10,
                    ),
                    8001228608139555124,
                ),
                (
                    MemoryAddress(
                        11,
                    ),
                    4117457813752744238,
                ),
                (
                    MemoryAddress(
                        100,
                    ),
                    2323,
                ),
                (
                    MemoryAddress(
                        101,
                    ),
                    0,
                ),
                (
                    MemoryAddress(
                        102,
                    ),
                    0,
                ),
                (
                    MemoryAddress(
                        103,
                    ),
                    0,
                ),
                (
                    MemoryAddress(
                        4294967292,
                    ),
                    0,
                ),
                (
                    MemoryAddress(
                        4294967293,
                    ),
                    0,
                ),
                (
                    MemoryAddress(
                        4294967294,
                    ),
                    2147483648,
                ),
                (
                    MemoryAddress(
                        4294967295,
                    ),
                    0,
                ),
            ],
        },
        ProcessStateSnapshot {
            clk: 272,
            ctx: 0,
            stack_state: [
                2,
                5,
                4,
                3,
                2,
                1,
                0,
                0,
                0,
                0,
                0,
                0,
                0,
                0,
                0,
                0,
                0,
                0,
                0,
                0,
                0,
                0,
                0,
            ],
            stack_words: [
                Word(
                    [
                        2,
                        5,
                        4,
                        3,
                    ],
                ),
                Word(
                    [
                        2,
                        1,
                        0,
                        0,
                    ],
                ),
                Word(
                    [
                        0,
                        0,
                        0,
                        0,
                    ],
                ),
                Word(
                    [
                        0,
                        0,
                        0,
                        0,
                    ],
                ),
            ],
            mem_state: [
                (
                    MemoryAddress(
                        0,
                    ),
                    24,
                ),
                (
                    MemoryAddress(
                        1,
                    ),
                    0,
                ),
                (
                    MemoryAddress(
                        2,
                    ),
                    0,
                ),
                (
                    MemoryAddress(
                        3,
                    ),
                    0,
                ),
                (
                    MemoryAddress(
                        4,
                    ),
                    8658438404467568493,
                ),
                (
                    MemoryAddress(
                        5,
                    ),
                    12211567317994335071,
                ),
                (
                    MemoryAddress(
                        6,
                    ),
                    5007638484868921783,
                ),
                (
                    MemoryAddress(
                        7,
                    ),
                    8834174818246543036,
                ),
                (
                    MemoryAddress(
                        8,
                    ),
                    949697322484520509,
                ),
                (
                    MemoryAddress(
                        9,
                    ),
                    16608876515438340501,
                ),
                (
                    MemoryAddress(
                        10,
                    ),
                    8001228608139555124,
                ),
                (
                    MemoryAddress(
                        11,
                    ),
                    4117457813752744238,
                ),
                (
                    MemoryAddress(
                        100,
                    ),
                    2323,
                ),
                (
                    MemoryAddress(
                        101,
                    ),
                    0,
                ),
                (
                    MemoryAddress(
                        102,
                    ),
                    0,
                ),
                (
                    MemoryAddress(
                        103,
                    ),
                    0,
                ),
                (
                    MemoryAddress(
                        4294967292,
                    ),
                    0,
                ),
                (
                    MemoryAddress(
                        4294967293,
                    ),
                    0,
                ),
                (
                    MemoryAddress(
                        4294967294,
                    ),
                    2147483648,
                ),
                (
                    MemoryAddress(
                        4294967295,
                    ),
                    0,
                ),
            ],
        },
        ProcessStateSnapshot {
            clk: 280,
            ctx: 0,
            stack_state: [
                1,
                5,
                4,
                3,
                2,
                1,
                0,
                0,
                0,
                0,
                0,
                0,
                0,
                0,
                0,
                0,
                0,
                0,
                0,
                0,
                0,
                0,
                0,
            ],
            stack_words: [
                Word(
                    [
                        1,
                        5,
                        4,
                        3,
                    ],
                ),
                Word(
                    [
                        2,
                        1,
                        0,
                        0,
                    ],
                ),
                Word(
                    [
                        0,
                        0,
                        0,
                        0,
                    ],
                ),
                Word(
                    [
                        0,
                        0,
                        0,
                        0,
                    ],
                ),
            ],
            mem_state: [
                (
                    MemoryAddress(
                        0,
                    ),
                    24,
                ),
                (
                    MemoryAddress(
                        1,
                    ),
                    0,
                ),
                (
                    MemoryAddress(
                        2,
                    ),
                    0,
                ),
                (
                    MemoryAddress(
                        3,
                    ),
                    0,
                ),
                (
                    MemoryAddress(
                        4,
                    ),
                    8658438404467568493,
                ),
                (
                    MemoryAddress(
                        5,
                    ),
                    12211567317994335071,
                ),
                (
                    MemoryAddress(
                        6,
                    ),
                    5007638484868921783,
                ),
                (
                    MemoryAddress(
                        7,
                    ),
                    8834174818246543036,
                ),
                (
                    MemoryAddress(
                        8,
                    ),
                    949697322484520509,
                ),
                (
                    MemoryAddress(
                        9,
                    ),
                    16608876515438340501,
                ),
                (
                    MemoryAddress(
                        10,
                    ),
                    8001228608139555124,
                ),
                (
                    MemoryAddress(
                        11,
                    ),
                    4117457813752744238,
                ),
                (
                    MemoryAddress(
                        100,
                    ),
                    2323,
                ),
                (
                    MemoryAddress(
                        101,
                    ),
                    0,
                ),
                (
                    MemoryAddress(
                        102,
                    ),
                    0,
                ),
                (
                    MemoryAddress(
                        103,
                    ),
                    0,
                ),
                (
                    MemoryAddress(
                        4294967292,
                    ),
                    0,
                ),
                (
                    MemoryAddress(
                        4294967293,
                    ),
                    0,
                ),
                (
                    MemoryAddress(
                        4294967294,
                    ),
                    2147483648,
                ),
                (
                    MemoryAddress(
                        4294967295,
                    ),
                    0,
                ),
            ],
        },
    ],
    21: [
        ProcessStateSnapshot {
            clk: 289,
            ctx: 0,
            stack_state: [
                0,
                5,
                4,
                3,
                2,
                1,
                0,
                0,
                0,
                0,
                0,
                0,
                0,
                0,
                0,
                0,
                0,
                0,
                0,
                0,
                0,
                0,
                0,
            ],
            stack_words: [
                Word(
                    [
                        0,
                        5,
                        4,
                        3,
                    ],
                ),
                Word(
                    [
                        2,
                        1,
                        0,
                        0,
                    ],
                ),
                Word(
                    [
                        0,
                        0,
                        0,
                        0,
                    ],
                ),
                Word(
                    [
                        0,
                        0,
                        0,
                        0,
                    ],
                ),
            ],
            mem_state: [
                (
                    MemoryAddress(
                        0,
                    ),
                    24,
                ),
                (
                    MemoryAddress(
                        1,
                    ),
                    0,
                ),
                (
                    MemoryAddress(
                        2,
                    ),
                    0,
                ),
                (
                    MemoryAddress(
                        3,
                    ),
                    0,
                ),
                (
                    MemoryAddress(
                        4,
                    ),
                    8658438404467568493,
                ),
                (
                    MemoryAddress(
                        5,
                    ),
                    12211567317994335071,
                ),
                (
                    MemoryAddress(
                        6,
                    ),
                    5007638484868921783,
                ),
                (
                    MemoryAddress(
                        7,
                    ),
                    8834174818246543036,
                ),
                (
                    MemoryAddress(
                        8,
                    ),
                    949697322484520509,
                ),
                (
                    MemoryAddress(
                        9,
                    ),
                    16608876515438340501,
                ),
                (
                    MemoryAddress(
                        10,
                    ),
                    8001228608139555124,
                ),
                (
                    MemoryAddress(
                        11,
                    ),
                    4117457813752744238,
                ),
                (
                    MemoryAddress(
                        100,
                    ),
                    2323,
                ),
                (
                    MemoryAddress(
                        101,
                    ),
                    0,
                ),
                (
                    MemoryAddress(
                        102,
                    ),
                    0,
                ),
                (
                    MemoryAddress(
                        103,
                    ),
                    0,
                ),
                (
                    MemoryAddress(
                        4294967292,
                    ),
                    0,
                ),
                (
                    MemoryAddress(
                        4294967293,
                    ),
                    0,
                ),
                (
                    MemoryAddress(
                        4294967294,
                    ),
                    2147483648,
                ),
                (
                    MemoryAddress(
                        4294967295,
                    ),
                    0,
                ),
            ],
        },
    ],
    22: [
        ProcessStateSnapshot {
            clk: 362,
            ctx: 0,
            stack_state: [
                0,
                5,
                4,
                3,
                2,
                1,
                0,
                0,
                0,
                0,
                0,
                0,
                0,
                0,
                0,
                0,
            ],
            stack_words: [
                Word(
                    [
                        0,
                        5,
                        4,
                        3,
                    ],
                ),
                Word(
                    [
                        2,
                        1,
                        0,
                        0,
                    ],
                ),
                Word(
                    [
                        0,
                        0,
                        0,
                        0,
                    ],
                ),
                Word(
                    [
                        0,
                        0,
                        0,
                        0,
                    ],
                ),
            ],
            mem_state: [
                (
                    MemoryAddress(
                        0,
                    ),
                    24,
                ),
                (
                    MemoryAddress(
                        1,
                    ),
                    0,
                ),
                (
                    MemoryAddress(
                        2,
                    ),
                    0,
                ),
                (
                    MemoryAddress(
                        3,
                    ),
                    0,
                ),
                (
                    MemoryAddress(
                        4,
                    ),
                    8658438404467568493,
                ),
                (
                    MemoryAddress(
                        5,
                    ),
                    12211567317994335071,
                ),
                (
                    MemoryAddress(
                        6,
                    ),
                    5007638484868921783,
                ),
                (
                    MemoryAddress(
                        7,
                    ),
                    8834174818246543036,
                ),
                (
                    MemoryAddress(
                        8,
                    ),
                    949697322484520509,
                ),
                (
                    MemoryAddress(
                        9,
                    ),
                    16608876515438340501,
                ),
                (
                    MemoryAddress(
                        10,
                    ),
                    8001228608139555124,
                ),
                (
                    MemoryAddress(
                        11,
                    ),
                    4117457813752744238,
                ),
                (
                    MemoryAddress(
                        100,
                    ),
                    2323,
                ),
                (
                    MemoryAddress(
                        101,
                    ),
                    0,
                ),
                (
                    MemoryAddress(
                        102,
                    ),
                    0,
                ),
                (
                    MemoryAddress(
                        103,
                    ),
                    0,
                ),
                (
                    MemoryAddress(
                        2147483648,
                    ),
                    3,
                ),
                (
                    MemoryAddress(
                        2147483649,
                    ),
                    4,
                ),
                (
                    MemoryAddress(
                        2147483650,
                    ),
                    5,
                ),
                (
                    MemoryAddress(
                        2147483651,
                    ),
                    0,
                ),
                (
                    MemoryAddress(
                        4294967292,
                    ),
                    0,
                ),
                (
                    MemoryAddress(
                        4294967293,
                    ),
                    0,
                ),
                (
                    MemoryAddress(
                        4294967294,
                    ),
                    2147483648,
                ),
                (
                    MemoryAddress(
                        4294967295,
                    ),
                    0,
                ),
            ],
        },
    ],
    100: [
        ProcessStateSnapshot {
            clk: 173,
            ctx: 167,
            stack_state: [
                5,
                4,
                3,
                2,
                1,
                0,
                0,
                0,
                0,
                0,
                0,
                0,
                0,
                0,
                0,
                0,
            ],
            stack_words: [
                Word(
                    [
                        5,
                        4,
                        3,
                        2,
                    ],
                ),
                Word(
                    [
                        1,
                        0,
                        0,
                        0,
                    ],
                ),
                Word(
                    [
                        0,
                        0,
                        0,
                        0,
                    ],
                ),
                Word(
                    [
                        0,
                        0,
                        0,
                        0,
                    ],
                ),
            ],
            mem_state: [
                (
                    MemoryAddress(
                        0,
                    ),
                    23,
                ),
                (
                    MemoryAddress(
                        1,
                    ),
                    0,
                ),
                (
                    MemoryAddress(
                        2,
                    ),
                    0,
                ),
                (
                    MemoryAddress(
                        3,
                    ),
                    0,
                ),
                (
                    MemoryAddress(
                        4294967292,
                    ),
                    0,
                ),
                (
                    MemoryAddress(
                        4294967293,
                    ),
                    0,
                ),
                (
                    MemoryAddress(
                        4294967294,
                    ),
                    2147483648,
                ),
                (
                    MemoryAddress(
                        4294967295,
                    ),
                    0,
                ),
            ],
        },
    ],
    101: [
        ProcessStateSnapshot {
            clk: 227,
            ctx: 0,
            stack_state: [
                5,
                4,
                3,
                2,
                1,
                0,
                0,
                0,
                0,
                0,
                0,
                0,
                0,
                0,
                0,
                0,
                0,
                0,
                0,
                0,
                0,
                0,
            ],
            stack_words: [
                Word(
                    [
                        5,
                        4,
                        3,
                        2,
                    ],
                ),
                Word(
                    [
                        1,
                        0,
                        0,
                        0,
                    ],
                ),
                Word(
                    [
                        0,
                        0,
                        0,
                        0,
                    ],
                ),
                Word(
                    [
                        0,
                        0,
                        0,
                        0,
                    ],
                ),
            ],
            mem_state: [
                (
                    MemoryAddress(
                        0,
                    ),
                    24,
                ),
                (
                    MemoryAddress(
                        1,
                    ),
                    0,
                ),
                (
                    MemoryAddress(
                        2,
                    ),
                    0,
                ),
                (
                    MemoryAddress(
                        3,
                    ),
                    0,
                ),
                (
                    MemoryAddress(
                        4,
                    ),
                    8658438404467568493,
                ),
                (
                    MemoryAddress(
                        5,
                    ),
                    12211567317994335071,
                ),
                (
                    MemoryAddress(
                        6,
                    ),
                    5007638484868921783,
                ),
                (
                    MemoryAddress(
                        7,
                    ),
                    8834174818246543036,
                ),
                (
                    MemoryAddress(
                        8,
                    ),
                    949697322484520509,
                ),
                (
                    MemoryAddress(
                        9,
                    ),
                    16608876515438340501,
                ),
                (
                    MemoryAddress(
                        10,
                    ),
                    8001228608139555124,
                ),
                (
                    MemoryAddress(
                        11,
                    ),
                    4117457813752744238,
                ),
                (
                    MemoryAddress(
                        100,
                    ),
                    2323,
                ),
                (
                    MemoryAddress(
                        101,
                    ),
                    0,
                ),
                (
                    MemoryAddress(
                        102,
                    ),
                    0,
                ),
                (
                    MemoryAddress(
                        103,
                    ),
                    0,
                ),
                (
                    MemoryAddress(
                        4294967292,
                    ),
                    0,
                ),
                (
                    MemoryAddress(
                        4294967293,
                    ),
                    0,
                ),
                (
                    MemoryAddress(
                        4294967294,
                    ),
                    2147483648,
                ),
                (
                    MemoryAddress(
                        4294967295,
                    ),
                    0,
                ),
            ],
        },
    ],
}
