---
source: processor/src/fast/tests/all_ops.rs
assertion_line: 133
expression: fast_stack_outputs
---
Ok(
    StackOutputs {
        elements: [
            5,
            4,
            22,
            113,
            1,
            0,
            0,
            0,
            0,
            0,
            0,
            0,
            0,
            0,
            0,
            0,
        ],
    },
)
