---
source: processor/src/fast/tests/all_ops.rs
assertion_line: 133
expression: fast_stack_outputs
---
Err(
    InvalidFriLayerFolding(
        BinomialExtensionField {
            value: [
                0,
                0,
            ],
            _phantom: PhantomData<p3_miden_goldilocks::goldilocks::Goldilocks>,
        },
        BinomialExtensionField {
            value: [
                8,
                9,
            ],
            _phantom: PhantomData<p3_miden_goldilocks::goldilocks::Goldilocks>,
        },
    ),
)
