---
source: crates/assembly/src/tests.rs
assertion_line: 81
expression: program
---
begin
    basic_block
        push(2147483648)
        push(4294967294)
        mstore
        drop
        asmOp(push.10, 1)
        push(10)
        asmOp(push.50, 1)
        push(50)
        asmOp(push.2, 1)
        push(2)
        asmOp(u32wrapping_add3, 3)
        u32add3
        swap
        drop
        noop
    end
end
