---
source: crates/assembly/src/tests.rs
expression: program
---
begin
    join
        basic_block
            push(2147483648)
            push(4294967294)
            mstore
            drop
            noop
            trace(0)
        end
        external.0x9656ad54df1db4ad3c477436ea1c43f6d59d63c63ed17c5b8763143fd0c67e2c
    end
    trace(1)
end
