---
source: crates/assembly/src/tests.rs
expression: program
---
begin
    join
        join
            basic_block
                push(2147483648)
                push(4294967294)
                mstore
                drop
                asmOp(push.4, 1)
                push(4)
                asmOp(push.3, 1)
                push(3)
                noop
                noop
                noop
                noop
            end
            external.0xd4b89ae644f21f76f1e78e913f9966c7877c4ba5357e843dac1c1066e1df3f98
        end
        external.0x754075eea6a849d4820284979731baf30f29eaf5dd3966437def02c7623139f2
    end
end
