---
source: crates/assembly/src/tests.rs
assertion_line: 1665
expression: program
---
begin
    basic_block
        push(2147483648)
        push(4294967294)
        mstore
        drop
        asmOp(assert, 1)
        assert(0)
        asmOp(assert.err="Oh no", 1)
        assert(15491226248792286710)
        asmOp(assert.err="Oh no", 1)
        assert(15491226248792286710)
        noop
    end
end
