---
source: crates/assembly/src/tests.rs
assertion_line: 2733
expression: program
---
begin
    basic_block
        push(2147483648)
        push(4294967294)
        mstore
        drop
        asmOp(push.1, 2)
        pad
        incr
        asmOp(push.2, 1)
        push(2)
        asmOp(add, 1)
        add
    end
end
