---
source: crates/assembly/src/tests.rs
assertion_line: 1548
expression: program
---
begin
    join
        basic_block
            push(2147483648)
            push(4294967294)
            mstore
            drop
            noop
            trace(0)
            trace(1)
        end
        asmOp(call.0xdeadbeefdeadbeefdeadbeefdeadbeefdeadbeefdeadbeefdeadbeefdeadbeef, 1)
        call.0xdeadbeefdeadbeefdeadbeefdeadbeefdeadbeefdeadbeefdeadbeefdeadbeef
    end
    trace(2)
end
