---
source: crates/assembly/src/tests.rs
assertion_line: 2773
expression: program
---
begin
    basic_block
        push(2147483648)
        push(4294967294)
        mstore
        drop
        asmOp(push.[2,2,2,2], 4)
        push(2)
        push(2)
        push(2)
        push(2)
        noop
        noop
        asmOp(adv.push_mapval, 3)
        push(17843484659000820118)
        emit
        drop
        asmOp(assert, 1)
        assert(0)
    end
end
