---
source: crates/assembly/src/tests.rs
assertion_line: 1507
expression: program
---
begin
    basic_block
        push(2147483648)
        push(4294967294)
        mstore
        drop
        trace(0)
        asmOp(add, 1)
        add
        asmOp(add, 1)
        add
        trace(1)
        asmOp(mul, 1)
        mul
        asmOp(mul, 1)
        mul
        noop
        trace(2)
    end
end
