---
source: crates/assembly/src/tests.rs
assertion_line: 1737
expression: program
---
begin
    basic_block
        push(2147483648)
        push(4294967294)
        mstore
        drop
        asmOp(assert_eqw, 11)
        movup4
        eq
        assert(0)
        movup3
        eq
        assert(0)
        movup2
        eq
        assert(0)
        eq
        assert(0)
        asmOp(assert_eqw.err="Oh no", 11)
        movup4
        eq
        assert(15491226248792286710)
        movup3
        eq
        assert(15491226248792286710)
        movup2
        eq
        assert(15491226248792286710)
        eq
        assert(15491226248792286710)
        asmOp(assert_eqw.err="Oh no", 11)
        movup4
        eq
        assert(15491226248792286710)
        movup3
        eq
        assert(15491226248792286710)
        movup2
        eq
        assert(15491226248792286710)
        eq
        assert(15491226248792286710)
        noop
    end
end
