---
source: crates/assembly/src/tests.rs
assertion_line: 2758
expression: program
---
begin
    basic_block
        push(2147483648)
        push(4294967294)
        mstore
        drop
        asmOp(push.[2,3,4,5], 4)
        push(2)
        push(3)
        push(4)
        push(5)
        noop
        noop
    end
end
