---
source: crates/assembly/src/tests.rs
expression: program
---
begin
    join
        basic_block
            push(2147483648)
            push(4294967294)
            mstore
            drop
            noop
            trace(0)
        end
        external.0x68092b3b1675cca2da9f19e8941b590ded1c9804cbdac536c193d574d8ad0439
    end
    trace(1)
end
